// Vitest Snapshot v1, https://vitest.dev/guide/snapshot.html

exports[`RequirementDetailPage 极简详情页 > renders the artifact catalog with slot guidance instead of the legacy anchor terminal 1`] = `
<DocumentFragment>
  <main
    aria-label="需求详情"
    class="_page_36b555"
    data-testid="requirement-detail-page"
  >
    <header
      class="_header_36b555"
    >
      <button
        aria-label="返回需求列表"
        class="_backButton_36b555"
        type="button"
      >
        <span
          aria-hidden="true"
        >
          ←
        </span>
        <span>
          返回需求列表
        </span>
      </button>
      <div
        class="_titleRow_36b555"
      >
        <h1
          class="_title_36b555"
        >
          可编辑需求
        </h1>
        <span
          class="_badge_fa5bc6 _blue_fa5bc6"
        >
          规划中
        </span>
        <span
          class="_artifactCounter_36b555"
        >
          产物 4/4
        </span>
        <div
          class="_titleActions_36b555"
        >
          <div
            class="_lifecycleMenu_36b555"
          >
            <button
              aria-expanded="false"
              aria-haspopup="menu"
              aria-label="更多操作"
              class="_button_947cf7 _ghost_947cf7 _sm_947cf7 _lifecycleMenuTrigger_36b555"
              type="button"
            >
              <span>
                ⋯
              </span>
            </button>
          </div>
        </div>
      </div>
    </header>
    <div
      class="_workspace_36b555"
      data-testid="requirement-detail-workspace"
    >
      <aside
        aria-label="需求产物"
        class="_leftColumn_36b555"
      >
        <section
          aria-label="需求文档摘要"
          class="_section_36b555"
        >
          <div
            class="_sectionHeader_36b555"
          >
            <h2
              class="_sectionTitle_36b555"
            >
              需求文档
            </h2>
            <div
              class="_sectionActions_36b555"
            >
              <button
                class="_button_947cf7 _secondary_947cf7 _sm_947cf7"
                type="button"
              >
                <span>
                  全屏阅读
                </span>
              </button>
              <button
                class="_button_947cf7 _secondary_947cf7 _sm_947cf7"
                type="button"
              >
                <span>
                  编辑需求文档
                </span>
              </button>
            </div>
          </div>
          <div
            class="_summaryMarkdown_36b555"
          >
            <div
              class="_viewer_d921c6"
            >
              <h2>
                背景
              </h2>
              

              <p>
                最新描述
              </p>
              

              <ul>
                

                <li>
                  保留 Markdown
                </li>
                

              </ul>
            </div>
          </div>
        </section>
        <section
          aria-label="产物索引"
          class="_section_36b555"
        >
          <h2
            class="_sectionTitle_36b555"
          >
            产物索引
          </h2>
          <div
            class="_artifactList_36b555"
          >
            <article
              class="_artifactCard_36b555"
              data-testid="artifact-ai-analysis"
            >
              <div
                class="_artifactTopline_36b555"
              >
                <span
                  aria-hidden="true"
                  class="_artifactIcon_36b555"
                >
                  🧠
                </span>
                <div
                  class="_artifactTitleBlock_36b555"
                >
                  <h3
                    class="_artifactTitle_36b555"
                  >
                    AI 解析
                  </h3>
                  <p
                    class="_artifactDescription_36b555"
                  >
                    需求理解、歧义和保真差异
                  </p>
                </div>
                <span
                  class="_artifactStatus_36b555"
                  data-tone="ready"
                >
                  已生成
                </span>
              </div>
              <div
                class="_artifactActions_36b555"
              >
                <div
                  class="_actionGroup_36b555"
                >
                  <button
                    class="_button_947cf7 _secondary_947cf7 _sm_947cf7"
                    type="button"
                  >
                    <span>
                      📖 阅读解读
                    </span>
                  </button>
                  <button
                    class="_button_947cf7 _ghost_947cf7 _sm_947cf7"
                    type="button"
                  >
                    <span>
                      重新解析
                    </span>
                  </button>
                </div>
              </div>
            </article>
            <article
              class="_artifactCard_36b555"
              data-testid="artifact-design"
            >
              <div
                class="_artifactTopline_36b555"
              >
                <span
                  aria-hidden="true"
                  class="_artifactIcon_36b555"
                >
                  📐
                </span>
                <div
                  class="_artifactTitleBlock_36b555"
                >
                  <h3
                    class="_artifactTitle_36b555"
                  >
                    技术设计
                  </h3>
                  <p
                    class="_artifactDescription_36b555"
                  >
                    docs/01_架构设计/req-1.md
                  </p>
                </div>
                <span
                  class="_artifactStatus_36b555"
                  data-tone="ready"
                >
                  已生成
                </span>
              </div>
              <div
                class="_artifactActions_36b555"
              >
                <div
                  class="_actionGroup_36b555"
                >
                  <button
                    class="_button_947cf7 _secondary_947cf7 _sm_947cf7"
                    type="button"
                  >
                    <span>
                      📖 阅读设计
                    </span>
                  </button>
                  <button
                    class="_button_947cf7 _ghost_947cf7 _sm_947cf7"
                    type="button"
                  >
                    <span>
                      重新生成
                    </span>
                  </button>
                </div>
              </div>
            </article>
            <article
              class="_artifactCard_36b555"
              data-testid="artifact-breakdown"
            >
              <div
                class="_artifactTopline_36b555"
              >
                <span
                  aria-hidden="true"
                  class="_artifactIcon_36b555"
                >
                  📋
                </span>
                <div
                  class="_artifactTitleBlock_36b555"
                >
                  <h3
                    class="_artifactTitle_36b555"
                  >
                    拆分草案
                  </h3>
                  <p
                    class="_artifactDescription_36b555"
                  >
                    docs/03_开发计划/req-1-breakdown.md
                  </p>
                </div>
                <span
                  class="_artifactStatus_36b555"
                  data-tone="ready"
                >
                  已生成
                </span>
              </div>
              <div
                class="_artifactActions_36b555"
              >
                <div
                  class="_actionGroup_36b555"
                >
                  <button
                    class="_button_947cf7 _secondary_947cf7 _sm_947cf7"
                    type="button"
                  >
                    <span>
                      📂 打开审查页
                    </span>
                  </button>
                  <button
                    class="_button_947cf7 _ghost_947cf7 _sm_947cf7"
                    type="button"
                  >
                    <span>
                      重新生成
                    </span>
                  </button>
                </div>
              </div>
            </article>
            <article
              class="_artifactCard_36b555"
              data-testid="artifact-subtasks"
            >
              <div
                class="_artifactTopline_36b555"
              >
                <span
                  aria-hidden="true"
                  class="_artifactIcon_36b555"
                >
                  📦
                </span>
                <div
                  class="_artifactTitleBlock_36b555"
                >
                  <h3
                    class="_artifactTitle_36b555"
                  >
                    子任务
                  </h3>
                  <p
                    class="_artifactDescription_36b555"
                  >
                    1 个子任务，需求内默认串行
                  </p>
                </div>
                <span
                  class="_artifactStatus_36b555"
                  data-tone="ready"
                >
                  1 个
                </span>
              </div>
              <div
                class="_artifactActions_36b555"
              >
                <div
                  class="_actionGroup_36b555"
                >
                  <button
                    class="_button_947cf7 _primary_947cf7 _sm_947cf7"
                    title="批量启动子任务 execution"
                    type="button"
                  >
                    <span>
                      批量推进 1 个子任务
                    </span>
                  </button>
                  <button
                    class="_button_947cf7 _secondary_947cf7 _sm_947cf7"
                    type="button"
                  >
                    <span>
                      展开子任务
                    </span>
                  </button>
                </div>
              </div>
            </article>
          </div>
        </section>
      </aside>
      <section
        aria-label="Slot 运行位置"
        class="_terminalColumn_36b555"
      >
        <div
          class="_terminalToolbar_36b555"
        >
          <div>
            <h2
              class="_terminalTitle_36b555"
            >
              Slot 运行位置
            </h2>
            <p
              class="_terminalMeta_36b555"
            >
              slot：slot-3 / state：bound
            </p>
          </div>
          <div
            class="_actions_4558f6"
          >
            <button
              class="_button_947cf7 _danger_947cf7 _sm_947cf7"
              type="button"
            >
              <span>
                解绑 slot
              </span>
            </button>
            <a
              class="_link_4558f6"
              href="/projects/project-1/anchors"
            >
              打开 Slots
            </a>
          </div>
        </div>
        <div
          class="_panel_4558f6"
          data-testid="slot-terminal-panel"
        >
          <div
            class="_summary_4558f6"
          >
            <p
              class="_primary_4558f6"
            >
              已绑定 slot-3 · bound
            </p>
            <p
              class="_writeWarning_4558f6"
              role="status"
            >
              正在写 slot-3 的 claude
            </p>
          </div>
          <div
            aria-label="Slot terminal panes"
            class="_tabs_4558f6"
            role="tablist"
          >
            <button
              aria-selected="true"
              class="_tab_4558f6"
              data-active="true"
              role="tab"
              type="button"
            >
              claude
            </button>
            <button
              aria-selected="false"
              class="_tab_4558f6"
              data-active="false"
              role="tab"
              type="button"
            >
              codex
            </button>
          </div>
          <div
            class="_surfaceWrap_4558f6"
            role="tabpanel"
          >
            <div
              data-testid="slot-terminal-surface-claude"
            >
              slot-3 · claude
            </div>
          </div>
        </div>
      </section>
    </div>
  </main>
</DocumentFragment>
`;
